testset/images/liswww/Agnesstr33.jpg
testset/images/liswww/Ana-Diving.jpg
testset/images/liswww/Bamberg.jpg
testset/images/liswww/Clan-Escorial.jpg
testset/images/liswww/Deutschkurs.jpg
testset/images/liswww/ETSII-Kollegen.jpg
testset/images/liswww/EileanDonaldCastle.jpg
testset/images/liswww/EntrDipl1.jpg
testset/images/liswww/EntrDipl2.jpg
testset/images/liswww/Equipo.jpg
testset/images/liswww/Equipo99.jpg
testset/images/liswww/Gomera.jpg
testset/images/liswww/Gonz-Car-Pe.jpg
testset/images/liswww/Gonzalo-SantoDomingo.jpg
testset/images/liswww/Heidelberg.jpg
testset/images/liswww/I2.jpg
testset/images/liswww/Indumatica97.jpg
testset/images/liswww/Interrail97.jpg
testset/images/liswww/Koeln.jpg
testset/images/liswww/LoliMariaje-Manzanares.jpg
testset/images/liswww/Matthias.jpg
testset/images/liswww/Muenchen.jpg
testset/images/liswww/NabilAndNuri.jpg
testset/images/liswww/NabilMakram-IrishPub.jpg
testset/images/liswww/Neuschwanstein.jpg
testset/images/liswww/Nuria-Aneto.jpg
testset/images/liswww/OlympiaStadium.jpg
testset/images/liswww/Paella.jpg
testset/images/liswww/Polibasket.jpg
testset/images/liswww/Salzburg.jpg
testset/images/liswww/Stockolm.jpg
testset/images/liswww/Sunshine.jpg
testset/images/liswww/TUM-Kollegen.jpg
testset/images/liswww/Tomek-IrishPub.jpg
testset/images/liswww/WakeUp.jpg
testset/images/liswww/Zugspitze.jpg
testset/images/liswww/andreas.jpg
testset/images/liswww/andreas1.jpg
testset/images/liswww/andreas2.jpg
testset/images/liswww/barspotting.jpg
testset/images/liswww/book.jpg
testset/images/liswww/berries.jpg
testset/images/liswww/blumir.jpg
testset/images/liswww/boubacar.jpg
testset/images/liswww/brno.jpg
testset/images/liswww/brush.jpg
testset/images/liswww/campus.jpg
testset/images/liswww/castle.jpg
testset/images/liswww/cave.jpg
testset/images/liswww/caving.jpg
testset/images/liswww/cd.jpg
testset/images/liswww/cd1.jpg
testset/images/liswww/chess.jpg
testset/images/liswww/childs.jpg
testset/images/liswww/church.jpg
testset/images/liswww/church2.jpg
testset/images/liswww/dog.jpg
testset/images/liswww/eclipse.jpg
testset/images/liswww/eiffel.jpg
testset/images/liswww/emanuel.jpg
testset/images/liswww/familie.jpg
testset/images/liswww/family.jpg
testset/images/liswww/film.jpg
testset/images/liswww/he_binchen.jpg
testset/images/liswww/he_r_and_v.jpg
testset/images/liswww/he_r_and_v.old.jpg
testset/images/liswww/hedemo.jpg
testset/images/liswww/hm.jpg
testset/images/liswww/houses.jpg
testset/images/liswww/hubsi.jpg
testset/images/liswww/javi.jpg
testset/images/liswww/jf.jpg
testset/images/liswww/kalicha.jpg
testset/images/liswww/karlsbr1.jpg
testset/images/liswww/karlsbr2.jpg
testset/images/liswww/marble01.jpg
testset/images/liswww/me_barcelona.jpg
testset/images/liswww/me_orange.jpg
testset/images/liswww/me_ponale.jpg
testset/images/liswww/me_schraeg.jpg
testset/images/liswww/ml.jpg
testset/images/liswww/monika.jpg
testset/images/liswww/montnu.jpg
testset/images/liswww/nik.jpg
testset/images/liswww/sb2.jpg
testset/images/liswww/nik_tron.jpg
testset/images/liswww/nuria.jpg
testset/images/liswww/nuria1.jpg
testset/images/liswww/nuria2.jpg
testset/images/liswww/nuria_jose.jpg
testset/images/liswww/oldhouse.jpg
testset/images/liswww/parrots.jpg
testset/images/liswww/peterk2.jpg
testset/images/liswww/ponalestrasse.jpg
testset/images/liswww/produce.jpg
testset/images/liswww/prost.jpg
testset/images/liswww/rochetta.jpg
testset/images/liswww/ruins.jpg
testset/images/liswww/sandman.jpg
testset/images/liswww/sbarthold.jpg
testset/images/liswww/segdemo.jpg
testset/images/liswww/simone.jpg
testset/images/liswww/stephanh.jpg
testset/images/liswww/stephanh_lit.jpg
testset/images/liswww/street.jpg
testset/images/liswww/train.jpg
testset/images/liswww/vincent.jpg
testset/images/liswww/walchensee.jpg
testset/images/liswww/water01.jpg
testset/images/liswww/wolfi.jpg
