testset/shape/apple-2.gif
testset/shape/bat-2.gif
testset/shape/beetle-2.gif
testset/shape/bell-2.gif
testset/shape/bird-2.gif
testset/shape/Bone-2.gif
testset/shape/bottle-02.gif
testset/shape/brick-02.gif
testset/shape/butterfly-2.gif
testset/shape/camel-2.gif
testset/shape/car-02.gif
testset/shape/carriage-02.gif
testset/shape/cattle-2.gif
testset/shape/cellular_phone-2.gif
testset/shape/chicken-2.gif
testset/shape/children-2.gif
testset/shape/chopper-02.gif
testset/shape/classic-2.gif
testset/shape/Comma-2.gif
testset/shape/crown-2.gif
testset/shape/cup-2.gif
testset/shape/deer-2.gif
testset/shape/device0-2.gif
testset/shape/device2-2.gif
testset/shape/device3-2.gif
testset/shape/device4-2.gif
testset/shape/device5-2.gif
testset/shape/device6-2.gif
testset/shape/device7-2.gif
testset/shape/device8-2.gif
testset/shape/device9-2.gif
testset/shape/dog-2.gif
testset/shape/elephant-2.gif
testset/shape/face-2.gif
testset/shape/fish-2.gif
testset/shape/flatfish-2.gif
testset/shape/fly-2.gif
testset/shape/fork-2.gif
testset/shape/fountain-02.gif
testset/shape/frog-2.gif
testset/shape/Glas-2.gif
testset/shape/guitar-2.gif
testset/shape/hammer-2.gif
testset/shape/hat-2.gif
testset/shape/HCircle-2.gif
testset/shape/Heart-2.gif
testset/shape/horse-2.gif
testset/shape/horseshoe-2.gif
testset/shape/jar-2.gif
testset/shape/key-2.gif
testset/shape/lizzard-2.gif
testset/shape/lmfish-2.gif
testset/shape/Misk-2.gif
testset/shape/octopus-2.gif
testset/shape/pencil-2.gif
testset/shape/personal_car-2.gif
testset/shape/pocket-2.gif
testset/shape/rat-02.gif
testset/shape/ray-2.gif
testset/shape/sea_snake-2.gif
testset/shape/shoe-2.gif
testset/shape/spoon-2.gif
testset/shape/spring-2.gif
testset/shape/stef-02.gif
testset/shape/teddy-02.gif
testset/shape/tree-2.gif
testset/shape/truck-02.gif
testset/shape/turtle-2.gif
testset/shape/watch-2.gif
